1:　[觉醒] 852 UR 高坂穂乃果
2:　[觉醒] 372 UR 矢泽妮可
3:　[觉醒] 159 UR 高坂穗乃果
4:　[觉醒] 118 UR 矢泽妮可
5:　[觉醒] 105 UR 星空凛
6:　[觉醒] 105 UR 星空凛
7:　[觉醒] 95 UR 星空凛
8:　[觉醒] 79 UR 高坂穗乃果
9:　[觉醒] 79 UR 高坂穗乃果
10:　[觉醒] 66 UR 矢泽妮可
11:　[觉醒] 66 UR 矢泽妮可
12:　[觉醒] 65 UR 高坂穗乃果
13:　[觉醒] 1082 UR 渡辺曜
14:　[觉醒] 367 UR 东条希
15:　[觉醒] 214 UR 园田海未
16:　[觉醒] 204 UR 南小鸟
17:　[觉醒] 119 UR 南小鸟
18:　[觉醒] 101 UR 东条希
19:　[觉醒] 101 UR 东条希
20:　[觉醒] 101 UR 东条希
21:　[觉醒] 88 UR 南小鸟
22:　[觉醒] 82 UR 小泉花阳
23:　[觉醒] 67 UR 南小鸟
24:　[觉醒] 64 UR 小泉花阳
25:　[觉醒] 64 UR 小泉花阳
26:　[觉醒] 64 UR 小泉花阳
27:　[觉醒] 889 UR 絢瀬絵里
28:　[觉醒] 584 UR 东条希
29:　[觉醒] 371 UR 西木野真姬
30:　[觉醒] 370 UR 绚濑绘里
31:　[觉醒] 361 UR 绚濑绘里
32:　[觉醒] 330 UR 绚濑绘里
