1:　[觉醒] 416 N 伊莎贝拉
2:　[觉醒] 135 N 黑羽咲夜
3:　[觉醒] 877 N 九条聖来
4:　[觉醒] 8 N 克里斯蒂娜
5:　[觉醒] 23 N 多多良瑠羽
6:　[觉醒] 998 N 結城紗菜
7:　[觉醒] 5 N 结城纱菜
8:　[觉醒] 896 N 鳥居歩美
9:　[觉醒] 748 N 白瀬小雪
10:　[觉醒] 739 N エマ
11:　[觉醒] 704 N 宮下ココ
12:　[觉醒] 676 N 支倉かさね
13:　[觉醒] 877 N 九条聖来
14:　[觉醒] 1036 N ラクシャータ
15:　[觉醒] 877 N 九条聖来
16:　[觉醒] 11 N 杉崎亚矢
17:　[觉醒] 601 N 一之濑茉莉花
18:　[觉醒] 585 N 西村文绘
19:　[觉醒] 17 N 九条圣来
20:　[觉醒] 585 N 西村文绘
21:　[觉醒] 670 N 森嶋ななか
22:　[觉醒] 702 N マリア
23:　552 N 相川凉
24:　166 N 珍妮佛
25:　1019 N 設楽ふみ
26:　981 N 下園咲
27:　904 N クリスティーナ
28:　877 N 九条聖来
29:　660 N 篠宮あきる
30:　27 N 藤城悠弓
31:　783 N 黒崎隼
