1:　[觉醒] 13 N 佐伯丽音
2:　916 R 国木田花丸
3:　709 N 九条聖来
4:　199 N 阪卷千鹤子
5:　25 N 吉川瑞希
6:　19 N 近江遥
7:　1 N 樱阪雫
8:　793 R 小原鞠莉
9:　793 R 小原鞠莉
10:　790 R 渡辺曜
11:　790 R 渡辺曜
12:　1036 N ラクシャータ
13:　526 N 近江遥
14:　175 N 早乙女紫
15:　140 N 白濑小雪
16:　23 N 多多良瑠羽
17:　20 N 下园咲
18:　14 N 鸟居步美
19:　8 N 克里斯蒂娜
20:　5 N 结城纱菜
21:　783 N 黒崎隼
22:　630 N 福源命
23:　427 N 桐原优香
24:　409 N 齐木风
25:　353 N 须田伊瑠香
26:　24 N 筱宫明留
27:　21 N 田中幸子
28:　12 N 御堂优理
29:　9 N 菊池朱美
