1:　[觉醒] 64 UR 小泉花阳
2:　[觉醒] 64 UR 小泉花阳
3:　[觉醒] 889 UR 絢瀬絵里
4:　[觉醒] 584 UR 东条希
5:　[觉醒] 371 UR 西木野真姬
6:　[觉醒] 370 UR 绚濑绘里
7:　[觉醒] 361 UR 绚濑绘里
8:　[觉醒] 330 UR 绚濑绘里
9:　[觉醒] 222 UR 高坂穗乃果
10:　[觉醒] 172 UR 星空凛
11:　[觉醒] 96 UR 西木野真姬
12:　[觉醒] 94 UR 绚濑绘里
13:　[觉醒] 94 UR 绚濑绘里
14:　[觉醒] 94 UR 绚濑绘里
15:　[觉醒] 73 UR 园田海未
16:　[觉醒] 73 UR 园田海未
17:　[觉醒] 73 UR 园田海未
18:　[觉醒] 68 UR 园田海未
19:　608 UR 西木野真姬
20:　531 UR 东条希
21:　346 UR 高坂穗乃果
22:　66 UR 矢泽妮可
23:　1100 UR 黒澤ダイヤ
24:　196 UR 绚濑绘里
25:　127 UR 矢泽妮可
26:　701 UR 西木野真姫
